---
source: apps/logpose-cli/tests/snapshot_contracts.rs
expression: snapshot
---
{
  "explain_query": {
    "collection_name": "colors",
    "database_name": "default",
    "diagnostics": {
      "chosen_plan": "predicate_first_exact",
      "units_considered": 1,
      "units_pruned": 0,
      "units_scanned": 1
    },
    "hits": [
      {
        "record": {
          "color": "red",
          "id": "alpha",
          "kind": "keep"
        },
        "score": 1.0
      }
    ],
    "metric": "dot",
    "returned": 1,
    "snapshot": {
      "manifest_generation": 0,
      "visible_seq_no": 3
    },
    "top_k": 1,
    "vector_field": "vector"
  },
  "manifest": {
    "collection_name": "colors",
    "database_name": "default",
    "payload": {
      "checkpoint_seq_no": 3,
      "generation": 1,
      "segments": [
        {
          "deleted_rows": 0,
          "dv": null,
          "max_seq_no": 3,
          "min_seq_no": 1,
          "row_count": 3,
          "segment_id": "[segment_id]",
          "tier": 0
        }
      ]
    },
    "target": "manifest"
  },
  "profile_query": {
    "collection_name": "colors",
    "database_name": "default",
    "diagnostics": {
      "chosen_plan": "predicate_first_exact",
      "stage_timings": {
        "candidate_generation_micros": "[timing]",
        "merge_micros": "[timing]",
        "planning_micros": "[timing]",
        "postfilter_micros": "[timing]",
        "prefilter_micros": "[timing]",
        "rerank_micros": "[timing]"
      },
      "units_considered": 2,
      "units_pruned": 0,
      "units_scanned": 1
    },
    "hits": [
      {
        "record": {
          "color": "red",
          "id": "alpha",
          "kind": "keep"
        },
        "score": 1.0
      }
    ],
    "metric": "dot",
    "returned": 1,
    "snapshot": {
      "manifest_generation": 1,
      "visible_seq_no": 3
    },
    "top_k": 1,
    "vector_field": "vector"
  },
  "segment": {
    "collection_name": "colors",
    "database_name": "default",
    "payload": {
      "records": [
        {
          "deleted": false,
          "id": "alpha",
          "op": "put",
          "seq_no": 1
        },
        {
          "deleted": false,
          "id": "beta",
          "op": "put",
          "seq_no": 2
        },
        {
          "deleted": false,
          "id": "gamma",
          "op": "put",
          "seq_no": 3
        }
      ],
      "section_kinds": [
        "SchemaSnapshot",
        "RowMeta",
        "PkColumn",
        "PkSorted",
        "PkFilter",
        "Stats",
        "VectorF32",
        "DynamicJson"
      ],
      "segment": {
        "deleted_rows": 0,
        "file_name": "[segment_id].seg",
        "live_rows": 3,
        "row_count": 3,
        "segment_id": "[segment_id]"
      }
    },
    "target": "segment:[segment_id]"
  },
  "wal": {
    "collection_name": "colors",
    "database_name": "default",
    "payload": {
      "checkpoint_seq_no": 0,
      "records": [
        {
          "deleted": false,
          "id": "alpha",
          "op": "put",
          "seq_no": 1
        },
        {
          "deleted": false,
          "id": "beta",
          "op": "put",
          "seq_no": 2
        },
        {
          "deleted": false,
          "id": "gamma",
          "op": "put",
          "seq_no": 3
        }
      ]
    },
    "target": "wal"
  }
}
