---
source: apps/logpose-cli/tests/snapshot_contracts.rs
expression: placement
---
{
  "assigned_node": "cli-snapshot-placement",
  "assigned_role": "data",
  "collection_id": "[collection_id]",
  "collection_name": "documents",
  "database_name": "default",
  "route_kind": "local",
  "route_reason": "single-node combined runtime exposes a local data-plane assignment",
  "tenant_name": "default"
}
